TAP version 13
# Subtest: dry-run exact calldata grants/revokes only service keys and is executable locally
not ok 1 - dry-run exact calldata grants/revokes only service keys and is executable locally
  ---
  duration_ms: 154.833417
  location: '/Users/evinova-self/Projects/ethglobal-online-2026-discovery/packages/discovery/test/operator.test.mjs:7:1'
  failureType: 'testCodeFailure'
  error: |-
    Expected values to be strictly equal:

    0 !== 2

  code: 'ERR_ASSERTION'
  name: 'AssertionError'
  expected: 2
  actual: 0
  operator: 'strictEqual'
  stack: |-
    TestContext.<anonymous> (file:///Users/evinova-self/Projects/ethglobal-online-2026-discovery/packages/discovery/test/operator.test.mjs:10:112)
    process.processTicksAndRejections (node:internal/process/task_queues:95:5)
    async Test.run (node:internal/test_runner/test:797:9)
    async Test.processPendingSubtests (node:internal/test_runner/test:526:7)
  ...
1..1
# tests 1
# suites 0
# pass 0
# fail 1
# cancelled 0
# skipped 0
# todo 0
# duration_ms 283.043708
